#-----------------------------------------------------------
# Webtalk v2021.1.1 (64-bit)
# SW Build 3286242 on Wed Jul 28 13:10:47 MDT 2021
# IP Build 3279568 on Wed Jul 28 16:48:48 MDT 2021
# Start of session at: Wed Nov  2 15:19:20 2022
# Process ID: 900
# Current directory: C:/Users/igrane/Downloads/Algoritmo-de-Booth-main/Algoritmo-de-Booth-main/Proyecto3/Proyecto3.sim/sim_1/behav/xsim
# Command line: wbtcv.exe -mode batch -source C:/Users/igrane/Downloads/Algoritmo-de-Booth-main/Algoritmo-de-Booth-main/Proyecto3/Proyecto3.sim/sim_1/behav/xsim/xsim.dir/Multiplicador_behav/webtalk/xsim_webtalk.tcl -notrace
# Log file: C:/Users/igrane/Downloads/Algoritmo-de-Booth-main/Algoritmo-de-Booth-main/Proyecto3/Proyecto3.sim/sim_1/behav/xsim/webtalk.log
# Journal file: C:/Users/igrane/Downloads/Algoritmo-de-Booth-main/Algoritmo-de-Booth-main/Proyecto3/Proyecto3.sim/sim_1/behav/xsim\webtalk.jou
#-----------------------------------------------------------
source C:/Users/igrane/Downloads/Algoritmo-de-Booth-main/Algoritmo-de-Booth-main/Proyecto3/Proyecto3.sim/sim_1/behav/xsim/xsim.dir/Multiplicador_behav/webtalk/xsim_webtalk.tcl -notrace
